// Jest Snapshot v1, https://goo.gl/fbAQLP

exports[`Layout component should set container children element to data 1`] = `
.emotion-3 {
  display: -webkit-box;
  display: -webkit-flex;
  display: -ms-flexbox;
  display: flex;
  -webkit-flex-direction: column;
  -ms-flex-direction: column;
  flex-direction: column;
  float: left;
  width: 100vw;
  margin-left: auto;
  margin-right: auto;
  padding-left: 1rem;
  padding-right: 1rem;
  padding-top: 1.5rem;
  padding-bottom: 1.5rem;
}

@media (min-width:768px) {
  .emotion-3 {
    padding-left: 2.5rem;
    padding-right: 2.5rem;
    padding-top: 1.5rem;
    padding-bottom: 1.5rem;
  }
}

.emotion-1 {
  display: -webkit-box;
  display: -webkit-flex;
  display: -ms-flexbox;
  display: flex;
  -webkit-box-pack: end;
  -webkit-justify-content: flex-end;
  -ms-flex-pack: end;
  justify-content: flex-end;
}

.emotion-0 {
  background-color: transparent;
  color: #2b6cb0;
  font-weight: 600;
  padding-top: 0.5rem;
  padding-bottom: 0.5rem;
  padding-left: 1rem;
  padding-right: 1rem;
  border-width: 1px;
  border-color: #4299e1;
  border-radius: 0.25rem;
  font-size: 1.125rem;
  text-transform: capitalize;
}

.emotion-0:hover {
  background-color: #4299e1;
  color: #fff;
  border-color: transparent;
}

<Layout
  onSearch={[Function]}
  search={false}
>
  <CookiesProvider>
    <ThemeProvider
      theme={
        Object {
          "body": "#F2F2F2",
          "gradient": "linear-gradient(#39598A, #79D7ED)",
          "text": "#363537",
          "toggleBorder": "#FFF",
        }
      }
    >
      <ForwardRef(render)
        styles={
          Object {
            "map": "/*# sourceMappingURL=data:application/json;charset=utf-8;base64,eyJ2ZXJzaW9uIjozLCJzb3VyY2VzIjpbImdsb2JhbC50cyJdLCJuYW1lcyI6W10sIm1hcHBpbmdzIjoiQUFHaUQiLCJmaWxlIjoiZ2xvYmFsLnRzIiwic291cmNlc0NvbnRlbnQiOlsiaW1wb3J0IHsgY3NzIH0gZnJvbSBcIkBlbW90aW9uL2NvcmVcIjtcbmltcG9ydCB7IFByb3BlcnRpZXMgfSBmcm9tIFwiLi90aGVtZXNcIjtcblxuZXhwb3J0IGNvbnN0IGdzdHlsZXMgPSAodGhlbWU6IFByb3BlcnRpZXMpID0+IGNzc2BcbiAgQGltcG9ydCB1cmwoXCJodHRwczovL2ZvbnRzLmdvb2dsZWFwaXMuY29tL2Nzcz9mYW1pbHk9Um9ib3RvOjQwMCw1MDAsNzAwJmRpc3BsYXk9c3dhcFwiKTtcblxuICBib2R5IHtcbiAgICBiYWNrZ3JvdW5kOiAke3RoZW1lLmJvZHl9O1xuICAgIGNvbG9yOiAke3RoZW1lLnRleHR9O1xuICAgIGRpc3BsYXk6IGZsZXg7XG4gICAgbWFyZ2luOiAwO1xuICAgIHBhZGRpbmc6IDA7XG4gICAgdHJhbnNpdGlvbjogYWxsIDAuMjVzIGxpbmVhcjtcbiAgfVxuYDtcbiJdfQ== */",
            "name": "jdhvd6",
            "next": undefined,
            "styles": "@import url(\\"https://fonts.googleapis.com/css?family=Roboto:400,500,700&display=swap\\");body{background:#F2F2F2;color:#363537;display:flex;margin:0;padding:0;transition:all 0.25s linear;}",
            "toString": [Function],
          }
        }
      >
        <InnerGlobal
          cache={
            Object {
              "insert": [Function],
              "inserted": Object {
                "0": true,
                "1v68lv0": true,
                "k48yuu": true,
                "tivsge": true,
              },
              "key": "css",
              "nonce": undefined,
              "registered": Object {},
              "sheet": StyleSheet {
                "before": null,
                "container": <head>
                  <style
                    data-emotion="css-global"
                  >
                    
                    @import url("https://fonts.googleapis.com/css?family=Roboto:400,500,700&display=swap");/*# sourceMappingURL=data:application/json;charset=utf-8;base64,eyJ2ZXJzaW9uIjozLCJzb3VyY2VzIjpbImdsb2JhbC50cyJdLCJuYW1lcyI6W10sIm1hcHBpbmdzIjoiQUFHaUQiLCJmaWxlIjoiZ2xvYmFsLnRzIiwic291cmNlc0NvbnRlbnQiOlsiaW1wb3J0IHsgY3NzIH0gZnJvbSBcIkBlbW90aW9uL2NvcmVcIjtcbmltcG9ydCB7IFByb3BlcnRpZXMgfSBmcm9tIFwiLi90aGVtZXNcIjtcblxuZXhwb3J0IGNvbnN0IGdzdHlsZXMgPSAodGhlbWU6IFByb3BlcnRpZXMpID0+IGNzc2BcbiAgQGltcG9ydCB1cmwoXCJodHRwczovL2ZvbnRzLmdvb2dsZWFwaXMuY29tL2Nzcz9mYW1pbHk9Um9ib3RvOjQwMCw1MDAsNzAwJmRpc3BsYXk9c3dhcFwiKTtcblxuICBib2R5IHtcbiAgICBiYWNrZ3JvdW5kOiAke3RoZW1lLmJvZHl9O1xuICAgIGNvbG9yOiAke3RoZW1lLnRleHR9O1xuICAgIGRpc3BsYXk6IGZsZXg7XG4gICAgbWFyZ2luOiAwO1xuICAgIHBhZGRpbmc6IDA7XG4gICAgdHJhbnNpdGlvbjogYWxsIDAuMjVzIGxpbmVhcjtcbiAgfVxuYDtcbiJdfQ== */
                  </style>
                  <style
                    data-emotion="css-global"
                  >
                    
                    body{background:#F2F2F2;color:#363537;display:-webkit-box;display:-webkit-flex;display:-ms-flexbox;display:flex;margin:0;padding:0;-webkit-transition:all 0.25s linear;transition:all 0.25s linear;}/*# sourceMappingURL=data:application/json;charset=utf-8;base64,eyJ2ZXJzaW9uIjozLCJzb3VyY2VzIjpbImdsb2JhbC50cyJdLCJuYW1lcyI6W10sIm1hcHBpbmdzIjoiQUFHaUQiLCJmaWxlIjoiZ2xvYmFsLnRzIiwic291cmNlc0NvbnRlbnQiOlsiaW1wb3J0IHsgY3NzIH0gZnJvbSBcIkBlbW90aW9uL2NvcmVcIjtcbmltcG9ydCB7IFByb3BlcnRpZXMgfSBmcm9tIFwiLi90aGVtZXNcIjtcblxuZXhwb3J0IGNvbnN0IGdzdHlsZXMgPSAodGhlbWU6IFByb3BlcnRpZXMpID0+IGNzc2BcbiAgQGltcG9ydCB1cmwoXCJodHRwczovL2ZvbnRzLmdvb2dsZWFwaXMuY29tL2Nzcz9mYW1pbHk9Um9ib3RvOjQwMCw1MDAsNzAwJmRpc3BsYXk9c3dhcFwiKTtcblxuICBib2R5IHtcbiAgICBiYWNrZ3JvdW5kOiAke3RoZW1lLmJvZHl9O1xuICAgIGNvbG9yOiAke3RoZW1lLnRleHR9O1xuICAgIGRpc3BsYXk6IGZsZXg7XG4gICAgbWFyZ2luOiAwO1xuICAgIHBhZGRpbmc6IDA7XG4gICAgdHJhbnNpdGlvbjogYWxsIDAuMjVzIGxpbmVhcjtcbiAgfVxuYDtcbiJdfQ== */
                  </style>
                  <style
                    data-emotion="css"
                  >
                    
                    .emotion-3{display:-webkit-box;display:-webkit-flex;display:-ms-flexbox;display:flex;-webkit-flex-direction:column;-ms-flex-direction:column;flex-direction:column;float:left;width:100vw;margin-left:auto;margin-right:auto;padding-left:1rem;padding-right:1rem;padding-top:1.5rem;padding-bottom:1.5rem;}
                  </style>
                  <style
                    data-emotion="css"
                  >
                    
                    @media (min-width:768px){.emotion-3{padding-left:2.5rem;padding-right:2.5rem;padding-top:1.5rem;padding-bottom:1.5rem;}}
                  </style>
                  <style
                    data-emotion="css"
                  >
                    
                    .emotion-1{display:-webkit-box;display:-webkit-flex;display:-ms-flexbox;display:flex;-webkit-box-pack:end;-webkit-justify-content:flex-end;-ms-flex-pack:end;justify-content:flex-end;}
                  </style>
                  <style
                    data-emotion="css"
                  >
                    
                    .emotion-0{background-color:transparent;color:#2b6cb0;font-weight:600;padding-top:0.5rem;padding-bottom:0.5rem;padding-left:1rem;padding-right:1rem;border-width:1px;border-color:#4299e1;border-radius:0.25rem;font-size:1.125rem;text-transform:capitalize;}
                  </style>
                  <style
                    data-emotion="css"
                  >
                    
                    .emotion-0:hover{background-color:#4299e1;color:#fff;border-color:transparent;}
                  </style>
                </head>,
                "ctr": 5,
                "isSpeedy": false,
                "key": "css",
                "nonce": undefined,
                "tags": Array [
                  <style
                    data-emotion="css"
                  >
                    
                    .emotion-3{display:-webkit-box;display:-webkit-flex;display:-ms-flexbox;display:flex;-webkit-flex-direction:column;-ms-flex-direction:column;flex-direction:column;float:left;width:100vw;margin-left:auto;margin-right:auto;padding-left:1rem;padding-right:1rem;padding-top:1.5rem;padding-bottom:1.5rem;}
                  </style>,
                  <style
                    data-emotion="css"
                  >
                    
                    @media (min-width:768px){.emotion-3{padding-left:2.5rem;padding-right:2.5rem;padding-top:1.5rem;padding-bottom:1.5rem;}}
                  </style>,
                  <style
                    data-emotion="css"
                  >
                    
                    .emotion-1{display:-webkit-box;display:-webkit-flex;display:-ms-flexbox;display:flex;-webkit-box-pack:end;-webkit-justify-content:flex-end;-ms-flex-pack:end;justify-content:flex-end;}
                  </style>,
                  <style
                    data-emotion="css"
                  >
                    
                    .emotion-0{background-color:transparent;color:#2b6cb0;font-weight:600;padding-top:0.5rem;padding-bottom:0.5rem;padding-left:1rem;padding-right:1rem;border-width:1px;border-color:#4299e1;border-radius:0.25rem;font-size:1.125rem;text-transform:capitalize;}
                  </style>,
                  <style
                    data-emotion="css"
                  >
                    
                    .emotion-0:hover{background-color:#4299e1;color:#fff;border-color:transparent;}
                  </style>,
                ],
              },
            }
          }
          serialized={
            Object {
              "map": "/*# sourceMappingURL=data:application/json;charset=utf-8;base64,eyJ2ZXJzaW9uIjozLCJzb3VyY2VzIjpbImdsb2JhbC50cyJdLCJuYW1lcyI6W10sIm1hcHBpbmdzIjoiQUFHaUQiLCJmaWxlIjoiZ2xvYmFsLnRzIiwic291cmNlc0NvbnRlbnQiOlsiaW1wb3J0IHsgY3NzIH0gZnJvbSBcIkBlbW90aW9uL2NvcmVcIjtcbmltcG9ydCB7IFByb3BlcnRpZXMgfSBmcm9tIFwiLi90aGVtZXNcIjtcblxuZXhwb3J0IGNvbnN0IGdzdHlsZXMgPSAodGhlbWU6IFByb3BlcnRpZXMpID0+IGNzc2BcbiAgQGltcG9ydCB1cmwoXCJodHRwczovL2ZvbnRzLmdvb2dsZWFwaXMuY29tL2Nzcz9mYW1pbHk9Um9ib3RvOjQwMCw1MDAsNzAwJmRpc3BsYXk9c3dhcFwiKTtcblxuICBib2R5IHtcbiAgICBiYWNrZ3JvdW5kOiAke3RoZW1lLmJvZHl9O1xuICAgIGNvbG9yOiAke3RoZW1lLnRleHR9O1xuICAgIGRpc3BsYXk6IGZsZXg7XG4gICAgbWFyZ2luOiAwO1xuICAgIHBhZGRpbmc6IDA7XG4gICAgdHJhbnNpdGlvbjogYWxsIDAuMjVzIGxpbmVhcjtcbiAgfVxuYDtcbiJdfQ== */",
              "name": "jdhvd6",
              "next": undefined,
              "styles": "@import url(\\"https://fonts.googleapis.com/css?family=Roboto:400,500,700&display=swap\\");body{background:#F2F2F2;color:#363537;display:flex;margin:0;padding:0;transition:all 0.25s linear;}",
              "toString": [Function],
            }
          }
        />
      </ForwardRef(render)>
      <Styled(div)
        id="main-container"
      >
        <div
          className="emotion-3"
          id="main-container"
        >
          <Styled(header)>
            <header
              className="emotion-1"
            >
              <div />
              <Styled(button)
                onClick={[Function]}
              >
                <button
                  className="emotion-0"
                  onClick={[Function]}
                >
                  light
                </button>
              </Styled(button)>
            </header>
          </Styled(header)>
          <Styled(main)>
            <main
              className="emotion-2"
            >
              data
            </main>
          </Styled(main)>
        </div>
      </Styled(div)>
      <CookieConsent
        ButtonComponent={[Function]}
        acceptOnScroll={false}
        acceptOnScrollPercentage={25}
        buttonClasses=""
        buttonId=""
        buttonText="I understand"
        containerClasses=""
        contentClasses=""
        cookieName="is-analytics-enabled"
        cookieValue={true}
        debug={false}
        declineButtonClasses=""
        declineButtonId=""
        declineButtonText="I decline"
        declineCookieValue={false}
        disableButtonStyles={false}
        disableStyles={false}
        enableDeclineButton={true}
        expires={365}
        extraCookieOptions={Object {}}
        flipButtons={false}
        hideOnAccept={true}
        hideOnDecline={true}
        location="bottom"
        onAccept={[Function]}
        onDecline={[Function]}
        setDeclineCookie={true}
        style={
          Object {
            "background": "#363537",
            "color": "#F2F2F2",
          }
        }
      >
        <div
          className="cookieConsent "
          style={
            Object {
              "alignItems": "baseline",
              "background": "#363537",
              "bottom": "0",
              "color": "#F2F2F2",
              "display": "flex",
              "flexWrap": "wrap",
              "justifyContent": "space-between",
              "left": "0",
              "position": "fixed",
              "width": "100%",
              "zIndex": "999",
            }
          }
        >
          <div
            className=""
            style={
              Object {
                "flex": "1 0 300px",
                "margin": "15px",
              }
            }
          >
            This website uses cookies to enhance the user experience.
          </div>
          <ButtonComponent
            className=""
            id=""
            key="declineButton"
            onClick={[Function]}
            style={
              Object {
                "background": "#c12a2a",
                "border": "0",
                "borderRadius": "0px",
                "boxShadow": "none",
                "color": "#e5e5e5",
                "cursor": "pointer",
                "flex": "0 0 auto",
                "margin": "15px",
                "padding": "5px 10px",
              }
            }
          >
            <button
              className=""
              id=""
              onClick={[Function]}
              style={
                Object {
                  "background": "#c12a2a",
                  "border": "0",
                  "borderRadius": "0px",
                  "boxShadow": "none",
                  "color": "#e5e5e5",
                  "cursor": "pointer",
                  "flex": "0 0 auto",
                  "margin": "15px",
                  "padding": "5px 10px",
                }
              }
            >
              I decline
            </button>
          </ButtonComponent>
          <ButtonComponent
            className=""
            id=""
            key="acceptButton"
            onClick={[Function]}
            style={
              Object {
                "background": "#ffd42d",
                "border": "0",
                "borderRadius": "0px",
                "boxShadow": "none",
                "color": "black",
                "cursor": "pointer",
                "flex": "0 0 auto",
                "margin": "15px",
                "padding": "5px 10px",
              }
            }
          >
            <button
              className=""
              id=""
              onClick={[Function]}
              style={
                Object {
                  "background": "#ffd42d",
                  "border": "0",
                  "borderRadius": "0px",
                  "boxShadow": "none",
                  "color": "black",
                  "cursor": "pointer",
                  "flex": "0 0 auto",
                  "margin": "15px",
                  "padding": "5px 10px",
                }
              }
            >
              I understand
            </button>
          </ButtonComponent>
        </div>
      </CookieConsent>
    </ThemeProvider>
  </CookiesProvider>
</Layout>
`;
